[F] 01000000 ff810113
[D] 00000000 00 00 00 00 0 00 00000000 00
[R] 00 00 00000000 00000000
[E] 00000000 00000000 0
[M] 00000000 00000000 0 ff810113
[W] 00000000 0 00 00000000
[F] 01000004 00000013
[D] 01000000 13 02 02 18 0 7f fffffff8 18
[R] 02 18 01100000 00000000
[E] 00000000 00000000 0
[M] 00000000 00000000 0 ff810113
[W] 00000000 0 00 00000000
[F] 01000008 00000013
[D] 01000004 13 00 00 00 0 00 00000000 00
[R] 00 00 00000000 00000000
[E] 01000000 010ffff8 0
[M] 00000000 00000000 0 ff810113
[W] 00000000 0 00 00000000
[F] 0100000c 00000013
[D] 01000008 13 00 00 00 0 00 00000000 00
[R] 00 00 00000000 00000000
[E] 01000004 00000000 0
[M] 01000000 010ffff8 0 00000000
[W] 00000000 1 00 00000000
[F] 01000010 00000013
[D] 0100000c 13 00 00 00 0 00 00000000 00
[R] 00 00 00000000 00000000
[E] 01000008 00000000 0
[M] 01000004 00000000 0 ff810113
[W] 01000000 1 02 010ffff8
[F] 01000014 00a00193
[D] 01000010 13 00 00 00 0 00 00000000 00
[R] 00 00 00000000 00000000
[E] 0100000c 00000000 0
[M] 01000008 00000000 0 ff810113
[W] 01000004 1 00 00000000
[F] 01000018 00312023
[D] 01000014 13 03 00 0a 0 00 0000000a 0a
[R] 00 0a 00000000 00000000
[E] 01000010 00000000 0
[M] 0100000c 00000000 0 ff810113
[W] 01000008 1 00 00000000
[F] 0100001c 00012203
[D] 01000018 23 00 02 03 2 00 00000000 03
[R] 02 03 010ffff8 00000000
[E] 01000014 0000000a 0
[M] 01000010 00000000 0 ff810113
[W] 0100000c 1 00 00000000
[F] 01000020 00000013
[D] 0100001c 03 04 02 00 2 00 00000000 00
[R] 02 00 010ffff8 00000000
[E] 01000018 010ffff8 0
[M] 01000014 0000000a 0 00130000
[W] 01000010 1 00 00000000
[F] 01000024 00000013
[D] 01000020 13 00 00 00 0 00 00000000 00
[R] 00 00 00000000 00000000
[E] 0100001c 010ffff8 0
[M] 01000018 010ffff8 2 00000000
[W] 01000014 0 03 0000000a
[F] 01000028 00000013
[D] 01000024 13 00 00 00 0 00 00000000 00
[R] 00 00 00000000 00000000
[E] 01000020 00000000 0
[M] 0100001c 010ffff8 2 0000000a
[W] 01000018 1 00 010ffff8
[F] 0100002c 00000013
[D] 01000028 13 00 00 00 0 00 00000000 00
[R] 00 00 00000000 00000000
[E] 01000024 00000000 0
[M] 01000020 00000000 0 ff810113
[W] 0100001c 1 04 0000000a
[F] 01000030 00020293
[D] 0100002c 13 00 00 00 0 00 00000000 00
[R] 00 00 00000000 00000000
[E] 01000028 00000000 0
[M] 01000024 00000000 0 ff810113
[W] 01000020 1 00 00000000
[F] 01000034 00000013
[D] 01000030 13 05 04 00 0 00 00000000 00
[R] 04 00 0000000a 00000000
[E] 0100002c 00000000 0
[M] 01000028 00000000 0 ff810113
[W] 01000024 1 00 00000000
[F] 01000038 00000013
[D] 01000034 13 00 00 00 0 00 00000000 00
[R] 00 00 00000000 00000000
[E] 01000030 0000000a 0
[M] 0100002c 00000000 0 ff810113
[W] 01000028 1 00 00000000
[F] 0100003c 00000013
[D] 01000038 13 00 00 00 0 00 00000000 00
[R] 00 00 00000000 00000000
[E] 01000034 00000000 0
[M] 01000030 0000000a 0 00130000
[W] 0100002c 1 00 00000000
[F] 01000040 00000013
[D] 0100003c 13 00 00 00 0 00 00000000 00
[R] 00 00 00000000 00000000
[E] 01000038 00000000 0
[M] 01000034 00000000 0 ff810113
[W] 01000030 1 05 0000000a
[F] 01000044 00000073
[D] 01000040 13 00 00 00 0 00 00000000 00
[R] 00 00 00000000 00000000
[E] 0100003c 00000000 0
[M] 01000038 00000000 0 ff810113
[W] 01000034 1 00 00000000
